A184X  Tuberkulos i hud och subkutan vävnad, ospecificerad
A185   Tuberkulos i öga
A186   Tuberkulos i öra
A187   Tuberkulos i binjurar
A188   Tuberkulos i andra specificerade organ
A190   Akut miliartuberkulos, en enda specificerad lokalisation
A191   Akut miliartuberkulos, flera lokalisationer
A192   Icke specificerad akut miliartuberkulos
A198   Annan miliartuberkulos
A199   Miliartuberkulos, ospecificerad
A200   Böldpest
A201   Cellulokutan pest
A202   Lungpest
A203   Meningit av Yersinia pestis
A207   Pestseptikemi
A208   Andra specificerade pestformer
A209   Pest, ospecificerad
A210   Ulceroglandulär tularemi
A211   Okuloglandulär tularemi
A212   Pulmonell tularemi
A213   Gastrointestinal tularemi
A217   Generaliserad tularemi
A218   Andra specificerade tularemiformer
A219   Tularemi, ospecificerad
A220   Kutan antrax
A221   Pulmonell antrax
A222   Gastrointestinal antrax
A227   Antraxsepsis
A228   Andra specificerade antraxformer
A229   Antrax, ospecificerad
A230   Brucellos orsakad av Brucella melitensis
A231   Brucellos orsakad av Brucella abortus
A232   Brucellos orsakad av Brucella suis
A233   Brucellos orsakad av Brucella canis
A238   Annan specificerad brucellos
A239   Brucellos, ospecificerad
A240   Rots
A241   Akut och fulminant melioidos
A242   Subakut och kronisk melioidos
A243   Annan specificerad melioidos
A244   Melioidos, ospecificerad
A250   Spirillos
A251   Streptobacillos
A259   Råttbettsfeber, ospecificerad
A260   Kutan erysipeloid
A267   Sepsis orsakad av Erysipelothrix
A268   Andra specificerade former av erysipeloid
A269   Erysipeloid, ospecificerad
A270   Leptospirosis icterohaemorrhagica
A278   Andra specificerade former av leptospiros