W0000  Fall i samma plan i samband med is och snö-bostad-idrott
W0001  Fall i samma plan i samband med is och snö-bostad-lek,fritid
W0002  Fall i samma plan i samband med is och snö-bostad-förvärvsarbete
W0003  Fall i samma plan i samband med is och snö-bostad-annan sysselsättning
W0004  Fall i samma plan i samband med is och snö-bostad-vitalaktivitet
W0008  Fall i samma plan i samband med is och snö-bostad-andra aktiviteter
W0009  Fall i samma plan i samband med is och snö-bostad-ospec aktiviteter
W0010  Fall i samma plan i samband med is och snö-institutionellt boende-idrott
W0011  Fall i samma plan i samband med is och snö-institutionellt boende-lek,fritid
W0012  Fall i samma plan i samband med is och snö-institutionellt boende-förvärvsarbete
W0013  Fall i samma plan i samband med is och snö-institutionellt boende-annan sysselsättning
W0014  Fall i samma plan i samband med is och snö-institutionellt boende-vitalaktivitet
W0018  Fall i samma plan i samband med is och snö-institutionellt boende-andra aktiviteter
W0019  Fall i samma plan i samband med is och snö-institutionellt boende-ospec aktiviteter
W0020  Fall i samma plan i samband med is och snö-skola, offentlig lokal-idrott
W0021  Fall i samma plan i samband med is och snö-skola, offentlig lokal-lek,fritid
W0022  Fall i samma plan i samband med is och snö-skola, offentlig lokal-förvärvsarbete
W0023  Fall i samma plan i samband med is och snö-skola, offentlig lokal-annan sysselsättning
W0024  Fall i samma plan i samband med is och snö-skola, offentlig lokal-vitalaktivitet
W0028  Fall i samma plan i samband med is och snö-skola, offentlig lokal-andra aktiviteter
W0029  Fall i samma plan i samband med is och snö-skola, offentlig lokal-ospec aktiviteter
W0030  Fall i samma plan i samband med is och snö-idrottsanläggning-idrott
W0031  Fall i samma plan i samband med is och snö-idrottsanläggning-lek,fritid
W0032  Fall i samma plan i samband med is och snö-idrottsanläggning-förvärvsarbete
W0033  Fall i samma plan i samband med is och snö-idrottsanläggning-annan sysselsättning
W0034  Fall i samma plan i samband med is och snö-idrottsanläggning-vitalaktivitet
W0038  Fall i samma plan i samband med is och snö-idrottsanläggning-andra aktiviteter
W0039  Fall i samma plan i samband med is och snö-idrottsanläggning-ospec aktiviteter
W0040  Fall i samma plan i samband med is och snö-gata-idrott
W0041  Fall i samma plan i samband med is och snö-gata-lek,fritid
W0042  Fall i samma plan i samband med is och snö-gata-förvärvsarbete
W0043  Fall i samma plan i samband med is och snö-gata-annan sysselsättning
W0044  Fall i samma plan i samband med is och snö-gata-vitalaktivitet
W0048  Fall i samma plan i samband med is och snö-gata-andra aktiviteter
W0049  Fall i samma plan i samband med is och snö-gata-ospec aktiviteter
W0050  Fall i samma plan i samband med is och snö-serviceområde-idrott