A00    Kolera
A01    Tyfoidfeber och paratyfoidfeber
A02    Andra salmonellainfektioner
A03    Shigellos (bakteriell dysenteri, rödsot)
A04    Andra bakteriella tarminfektioner
A05    Annan matförgiftning orsakad av bakterier som ej klassificeras annorstädes
A06    Amöbainfektion
A07    Andra protozosjukdomar i tarmen
A08    Tarminfektioner orsakade av virus och andra specificerade organismer
A09    Annan gastroenterit och kolit av infektiös och ospecificerad orsak
A15    Tuberkulos i andningsorganen, bakteriologiskt och histologiskt verifierad
A16    Tuberkulos i andningsorganen, ej verifierad bakteriologiskt eller histologiskt
A17    Tuberkulos i nervsystemet
A18    Tuberkulos i andra organ
A19    Miliartuberkulos (utspridd tuberkulos)
A20    Pest
A21    Tularemi (harpest)
A22    Mjältbrand
A23    Undulantfeber
A24    Rots och melioidos
A25    Råttbettsfeber
A26    Erysipeloid
A27    Leptospiros
A28    Andra djurburna bakteriesjukdomar som ej klassificeras annorstädes
A30    Lepra
A31    Sjukdomar orsakade av andra mykobakterier
A32    Listerios
A33    Stelkramp hos nyfödd
A34    Obstetrisk stelkramp
A35    Annan stelkramp
A36    Difteri
A37    Kikhosta
A38    Scharlakansfeber
A39    Meningokockinfektion
A40    Sepsis orsakad av streptokocker
A41    Annan sepsis
A42    Aktinomykos (strålsvamp)
A43    Nokardios
A44    Bartonellos
A46    Rosfeber
A48    Andra bakteriesjukdomar som ej klassificeras annorstädes
A49    Bakterieinfektion med icke specificerad lokalisation
A50    Medfödd syfilis
A51    Tidig syfilis
A52    Sen syfilis
A53    Annan och icke specificerad syfilis
A54    Gonokockinfektion
A55    Lymfogranulom (veneriskt) orsakat av klamydia
A56    Andra sexuellt överförda klamydiasjukdomar
A57    Chankroid (mjuk schanker)